// 重构日志: 912c1a5a
// 重构日志: a67db537
// 同步 ID: cc29c030 @ Wed Jul 22 15:39:04 UTC 2026
// 同步 ID: 9a2a063c @ Fri Jul 24 12:59:18 UTC 2026
// 重构日志: ba77f845
// 重构日志: 504737bb
// 重构日志: ea3e068a
// 同步 ID: 1131b274 @ Wed Jul 29 08:18:34 UTC 2026
// 同步 ID: 3046d6bd @ Wed Jul 29 16:01:58 UTC 2026
// 重构日志: 0b09579c
// 重构日志: db8d9f75
// 重构日志: 85aa066d
// 同步 ID: 09178c4b @ Sat Aug  1 12:46:12 UTC 2026
// 同步 ID: aeb3ae6f @ Sat Aug  1 16:22:58 UTC 2026
// 重构日志: 1376c43f
// 重构日志: 94f4b100
// 重构日志: 61015848
// 同步 ID: 78c9ae7b @ Wed Aug  5 15:47:11 UTC 2026
// 重构日志: aae155ed
// 同步 ID: b6b3f3c6 @ Thu Aug  6 08:33:55 UTC 2026
// 重构日志: 59f86691
// 同步 ID: 45f00dda @ Fri Aug  7 06:55:10 UTC 2026
// 同步 ID: 7198daed @ Fri Aug  7 11:16:42 UTC 2026
// 同步 ID: e554c2c3 @ Fri Aug  7 15:21:01 UTC 2026
// 重构日志: 1b71ea79
// 同步 ID: 0d62eaeb @ Sat Aug  8 02:31:47 UTC 2026
// 同步 ID: 767fcde4 @ Sat Aug  8 08:45:23 UTC 2026
// 重构日志: bb071bab
// 重构日志: 0719acd3
// 同步 ID: 6e29b233 @ Sat Aug  8 12:16:45 UTC 2026
